97.06.03 10:45 B C:\air_old\.htaccess <-- AIRNET /usr/local/httpd/user_root/home/naoya/public_html .htaccess
97.06.03 10:45 B C:\air_old\004.gif <-- AIRNET /usr/local/httpd/user_root/home/naoya/public_html 004.gif
97.06.03 10:45 B C:\air_old\adapter.jpg <-- AIRNET /usr/local/httpd/user_root/home/naoya/public_html adapter.jpg
97.06.03 10:45 B C:\air_old\alexander.jpg <-- AIRNET /usr/local/httpd/user_root/home/naoya/public_html alexander.jpg
97.06.03 10:45 B C:\air_old\altmann.gif <-- AIRNET /usr/local/httpd/user_root/home/naoya/public_html altmann.gif
97.06.03 10:45 B C:\air_old\altmanngif.html <-- AIRNET /usr/local/httpd/user_root/home/naoya/public_html altmanngif.html
97.06.03 10:45 B C:\air_old\ankel.jpg <-- AIRNET /usr/local/httpd/user_root/home/naoya/public_html ankel.jpg
97.06.03 10:45 B C:\air_old\ankel2.jpg <-- AIRNET /usr/local/httpd/user_root/home/naoya/public_html ankel2.jpg
97.06.03 10:45 B C:\air_old\ankerl.jpg <-- AIRNET /usr/local/httpd/user_root/home/naoya/public_html ankerl.jpg
97.06.03 10:45 B C:\air_old\ankerl2.jpg <-- AIRNET /usr/local/httpd/user_root/home/naoya/public_html ankerl2.jpg
97.06.03 10:45 B C:\air_old\att.gif <-- AIRNET /usr/local/httpd/user_root/home/naoya/public_html att.gif
97.06.03 10:45 B C:\air_old\b.gif <-- AIRNET /usr/local/httpd/user_root/home/naoya/public_html b.gif
97.06.03 10:45 B C:\air_old\BACK.gif <-- AIRNET /usr/local/httpd/user_root/home/naoya/public_html BACK.gif
97.06.03 10:45 B C:\air_old\back.gif <-- AIRNET /usr/local/httpd/user_root/home/naoya/public_html back.gif
97.06.03 10:45 B C:\air_old\BACK001.GIF <-- AIRNET /usr/local/httpd/user_root/home/naoya/public_html BACK001.GIF
97.06.03 10:45 B C:\air_old\BACK002.GIF <-- AIRNET /usr/local/httpd/user_root/home/naoya/public_html BACK002.GIF
97.06.03 10:46 B C:\air_old\BACK004.GIF <-- AIRNET /usr/local/httpd/user_root/home/naoya/public_html BACK004.GIF
97.06.03 10:46 B C:\air_old\BACK007.GIF <-- AIRNET /usr/local/httpd/user_root/home/naoya/public_html BACK007.GIF
97.06.03 10:46 B C:\air_old\Back008.gif <-- AIRNET /usr/local/httpd/user_root/home/naoya/public_html Back008.gif
97.06.03 10:46 B C:\air_old\Back011.gif <-- AIRNET /usr/local/httpd/user_root/home/naoya/public_html Back011.gif
97.06.03 10:46 B C:\air_old\BACK012.GIF <-- AIRNET /usr/local/httpd/user_root/home/naoya/public_html BACK012.GIF
97.06.03 10:46 B C:\air_old\BACK026.GIF <-- AIRNET /usr/local/httpd/user_root/home/naoya/public_html BACK026.GIF
97.06.03 10:46 B C:\air_old\BACK027.GIF <-- AIRNET /usr/local/httpd/user_root/home/naoya/public_html BACK027.GIF
97.06.03 10:46 B C:\air_old\BACK183.GIF <-- AIRNET /usr/local/httpd/user_root/home/naoya/public_html BACK183.GIF
97.06.03 10:46 B C:\air_old\BACK220.GIF <-- AIRNET /usr/local/httpd/user_root/home/naoya/public_html BACK220.GIF
97.06.03 10:46 B C:\air_old\BACK406.GIF <-- AIRNET /usr/local/httpd/user_root/home/naoya/public_html BACK406.GIF
97.06.03 10:46 B C:\air_old\backstage.jpg <-- AIRNET /usr/local/httpd/user_root/home/naoya/public_html backstage.jpg
97.06.03 10:46 B C:\air_old\ball.gif <-- AIRNET /usr/local/httpd/user_root/home/naoya/public_html ball.gif
97.06.03 10:46 B C:\air_old\ball0202.gif <-- AIRNET /usr/local/httpd/user_root/home/naoya/public_html ball0202.gif
97.06.03 10:46 B C:\air_old\basshorn.jpg <-- AIRNET /usr/local/httpd/user_root/home/naoya/public_html basshorn.jpg
97.06.03 10:46 B C:\air_old\bell_french.jpg <-- AIRNET /usr/local/httpd/user_root/home/naoya/public_html bell_french.jpg
97.06.03 10:46 B C:\air_old\bell_wiener.jpg <-- AIRNET /usr/local/httpd/user_root/home/naoya/public_html bell_wiener.jpg
97.06.03 10:46 B C:\air_old\bm5mem.html <-- AIRNET /usr/local/httpd/user_root/home/naoya/public_html bm5mem.html
97.06.03 10:46 B C:\air_old\borgen.jpg <-- AIRNET /usr/local/httpd/user_root/home/naoya/public_html borgen.jpg
97.06.03 10:46 B C:\air_old\bousho.html <-- AIRNET /usr/local/httpd/user_root/home/naoya/public_html bousho.html
97.06.03 10:46 B C:\air_old\bousho.jpg <-- AIRNET /usr/local/httpd/user_root/home/naoya/public_html bousho.jpg
97.06.03 10:46 B C:\air_old\bs.gif <-- AIRNET /usr/local/httpd/user_root/home/naoya/public_html bs.gif
97.06.03 10:46 B C:\air_old\bs2.gif <-- AIRNET /usr/local/httpd/user_root/home/naoya/public_html bs2.gif
97.06.03 10:46 B C:\air_old\c.gif <-- AIRNET /usr/local/httpd/user_root/home/naoya/public_html c.gif
97.06.03 10:47 B C:\air_old\cd.gif <-- AIRNET /usr/local/httpd/user_root/home/naoya/public_html cd.gif
97.06.03 10:47 B C:\air_old\cd2.gif <-- AIRNET /usr/local/httpd/user_root/home/naoya/public_html cd2.gif
97.06.03 10:47 B C:\air_old\club.GIF <-- AIRNET /usr/local/httpd/user_root/home/naoya/public_html club.GIF
97.06.03 10:47 B C:\air_old\club.html <-- AIRNET /usr/local/httpd/user_root/home/naoya/public_html club.html
97.06.03 10:47 B C:\air_old\cs.gif <-- AIRNET /usr/local/httpd/user_root/home/naoya/public_html cs.gif
97.06.03 10:47 B C:\air_old\cs2.gif <-- AIRNET /usr/local/httpd/user_root/home/naoya/public_html cs2.gif
97.06.03 10:47 B C:\air_old\d.gif <-- AIRNET /usr/local/httpd/user_root/home/naoya/public_html d.gif
97.06.03 10:47 B C:\air_old\d0.gif <-- AIRNET /usr/local/httpd/user_root/home/naoya/public_html d0.gif
97.06.03 10:47 B C:\air_old\d1.gif <-- AIRNET /usr/local/httpd/user_root/home/naoya/public_html d1.gif
97.06.03 10:47 B C:\air_old\d2.gif <-- AIRNET /usr/local/httpd/user_root/home/naoya/public_html d2.gif
97.06.03 10:47 B C:\air_old\d3.gif <-- AIRNET /usr/local/httpd/user_root/home/naoya/public_html d3.gif
97.06.03 10:47 B C:\air_old\d4.gif <-- AIRNET /usr/local/httpd/user_root/home/naoya/public_html d4.gif
97.06.03 10:47 B C:\air_old\d5.gif <-- AIRNET /usr/local/httpd/user_root/home/naoya/public_html d5.gif
97.06.03 10:47 B C:\air_old\d6.gif <-- AIRNET /usr/local/httpd/user_root/home/naoya/public_html d6.gif
97.06.03 10:47 B C:\air_old\d7.gif <-- AIRNET /usr/local/httpd/user_root/home/naoya/public_html d7.gif
97.06.03 10:47 B C:\air_old\d8.gif <-- AIRNET /usr/local/httpd/user_root/home/naoya/public_html d8.gif
97.06.03 10:47 B C:\air_old\d9.gif <-- AIRNET /usr/local/httpd/user_root/home/naoya/public_html d9.gif
97.06.03 10:47 B C:\air_old\d_ten.gif <-- AIRNET /usr/local/httpd/user_root/home/naoya/public_html d_ten.gif
97.06.03 10:47 B C:\air_old\dabun.gif <-- AIRNET /usr/local/httpd/user_root/home/naoya/public_html dabun.gif
97.06.03 10:47 B C:\air_old\dabun.html <-- AIRNET /usr/local/httpd/user_root/home/naoya/public_html dabun.html
97.06.03 10:47 B C:\air_old\dabun9610.html <-- AIRNET /usr/local/httpd/user_root/home/naoya/public_html dabun9610.html
97.06.03 10:47 B C:\air_old\dabun9611.html <-- AIRNET /usr/local/httpd/user_root/home/naoya/public_html dabun9611.html
97.06.03 10:47 B C:\air_old\dabun9612.html <-- AIRNET /usr/local/httpd/user_root/home/naoya/public_html dabun9612.html
97.06.03 10:47 B C:\air_old\dabun9701.html <-- AIRNET /usr/local/httpd/user_root/home/naoya/public_html dabun9701.html
97.06.03 10:48 B C:\air_old\dabun9702.html <-- AIRNET /usr/local/httpd/user_root/home/naoya/public_html dabun9702.html
97.06.03 10:48 B C:\air_old\dabun9703.html <-- AIRNET /usr/local/httpd/user_root/home/naoya/public_html dabun9703.html
97.06.03 10:48 B C:\air_old\dabun9704.html <-- AIRNET /usr/local/httpd/user_root/home/naoya/public_html dabun9704.html
97.06.03 10:48 B C:\air_old\dabun_comment.html <-- AIRNET /usr/local/httpd/user_root/home/naoya/public_html dabun_comment.html
97.06.03 10:48 B C:\air_old\dabun_set.html <-- AIRNET /usr/local/httpd/user_root/home/naoya/public_html dabun_set.html
97.06.03 10:48 B C:\air_old\disk.gif <-- AIRNET /usr/local/httpd/user_root/home/naoya/public_html disk.gif
97.06.03 10:48 B C:\air_old\disk_a.html <-- AIRNET /usr/local/httpd/user_root/home/naoya/public_html disk_a.html
97.06.03 10:48 B C:\air_old\disk_beethoven.html <-- AIRNET /usr/local/httpd/user_root/home/naoya/public_html disk_beethoven.html
97.06.03 10:48 B C:\air_old\disk_comment.html <-- AIRNET /usr/local/httpd/user_root/home/naoya/public_html disk_comment.html
97.06.03 10:48 B C:\air_old\disk_ha.html <-- AIRNET /usr/local/httpd/user_root/home/naoya/public_html disk_ha.html
97.06.03 10:48 B C:\air_old\disk_ka.html <-- AIRNET /usr/local/httpd/user_root/home/naoya/public_html disk_ka.html
97.06.03 10:48 B C:\air_old\disk_ma.html <-- AIRNET /usr/local/httpd/user_root/home/naoya/public_html disk_ma.html
97.06.03 10:48 B C:\air_old\disk_main.html <-- AIRNET /usr/local/httpd/user_root/home/naoya/public_html disk_main.html
97.06.03 10:49 B C:\air_old\disk_mozart.html <-- AIRNET /usr/local/httpd/user_root/home/naoya/public_html disk_mozart.html
97.06.03 10:49 B C:\air_old\disk_sa.html <-- AIRNET /usr/local/httpd/user_root/home/naoya/public_html disk_sa.html
97.06.03 10:49 B C:\air_old\disk_small.html <-- AIRNET /usr/local/httpd/user_root/home/naoya/public_html disk_small.html
97.06.03 10:49 B C:\air_old\disk_strauss.html <-- AIRNET /usr/local/httpd/user_root/home/naoya/public_html disk_strauss.html
97.06.03 10:49 B C:\air_old\disk_tana.html <-- AIRNET /usr/local/httpd/user_root/home/naoya/public_html disk_tana.html
97.06.03 10:49 B C:\air_old\disk_yarawa.html <-- AIRNET /usr/local/httpd/user_root/home/naoya/public_html disk_yarawa.html
97.06.03 10:49 B C:\air_old\e-mail.gif <-- AIRNET /usr/local/httpd/user_root/home/naoya/public_html e-mail.gif
97.06.03 10:49 B C:\air_old\e.gif <-- AIRNET /usr/local/httpd/user_root/home/naoya/public_html e.gif
97.06.03 10:49 B C:\air_old\eik.html <-- AIRNET /usr/local/httpd/user_root/home/naoya/public_html eik.html
97.06.03 10:49 B C:\air_old\eik.jpg <-- AIRNET /usr/local/httpd/user_root/home/naoya/public_html eik.jpg
97.06.03 10:50 B C:\air_old\engel.jpg <-- AIRNET /usr/local/httpd/user_root/home/naoya/public_html engel.jpg
97.06.03 10:50 B C:\air_old\f.gif <-- AIRNET /usr/local/httpd/user_root/home/naoya/public_html f.gif
97.06.03 10:50 B C:\air_old\fm.gif <-- AIRNET /usr/local/httpd/user_root/home/naoya/public_html fm.gif
97.06.03 10:50 B C:\air_old\fm2.gif <-- AIRNET /usr/local/httpd/user_root/home/naoya/public_html fm2.gif
97.06.03 10:50 B C:\air_old\franz.jpg <-- AIRNET /usr/local/httpd/user_root/home/naoya/public_html franz.jpg
97.06.03 10:50 B C:\air_old\fujimoto.jpg <-- AIRNET /usr/local/httpd/user_root/home/naoya/public_html fujimoto.jpg
97.06.03 10:50 B C:\air_old\fukyo.gif <-- AIRNET /usr/local/httpd/user_root/home/naoya/public_html fukyo.gif
97.06.03 10:50 B C:\air_old\gallery.GIF <-- AIRNET /usr/local/httpd/user_root/home/naoya/public_html gallery.GIF
97.06.03 10:50 B C:\air_old\gallery.html <-- AIRNET /usr/local/httpd/user_root/home/naoya/public_html gallery.html
97.06.03 10:50 B C:\air_old\gallery2.GIF <-- AIRNET /usr/local/httpd/user_root/home/naoya/public_html gallery2.GIF
97.06.03 10:51 B C:\air_old\gallery2.html <-- AIRNET /usr/local/httpd/user_root/home/naoya/public_html gallery2.html
97.06.03 10:51 B C:\air_old\ganter_w.jpg <-- AIRNET /usr/local/httpd/user_root/home/naoya/public_html ganter_w.jpg
97.06.03 10:51 B C:\air_old\glaben.jpg <-- AIRNET /usr/local/httpd/user_root/home/naoya/public_html glaben.jpg
97.06.03 10:51 B C:\air_old\graben.jpg <-- AIRNET /usr/local/httpd/user_root/home/naoya/public_html graben.jpg
97.06.03 10:51 B C:\air_old\gtool.gif <-- AIRNET /usr/local/httpd/user_root/home/naoya/public_html gtool.gif
97.06.03 10:51 B C:\air_old\haagman.jpg <-- AIRNET /usr/local/httpd/user_root/home/naoya/public_html haagman.jpg
97.06.03 10:51 B C:\air_old\haka10.gif <-- AIRNET /usr/local/httpd/user_root/home/naoya/public_html haka10.gif
97.06.03 10:51 B C:\air_old\haka15.gif <-- AIRNET /usr/local/httpd/user_root/home/naoya/public_html haka15.gif
97.06.03 10:51 B C:\air_old\hakusyu.jpg <-- AIRNET /usr/local/httpd/user_root/home/naoya/public_html hakusyu.jpg
97.06.03 10:51 B C:\air_old\harlow.jpg <-- AIRNET /usr/local/httpd/user_root/home/naoya/public_html harlow.jpg
97.06.03 10:51 B C:\air_old\he_on.gif <-- AIRNET /usr/local/httpd/user_root/home/naoya/public_html he_on.gif
97.06.03 10:51 B C:\air_old\hogner.jpg <-- AIRNET /usr/local/httpd/user_root/home/naoya/public_html hogner.jpg
97.06.03 10:51 B C:\air_old\home-anime.gif <-- AIRNET /usr/local/httpd/user_root/home/naoya/public_html home-anime.gif
97.06.03 10:51 B C:\air_old\home.gif <-- AIRNET /usr/local/httpd/user_root/home/naoya/public_html home.gif
97.06.03 10:52 B C:\air_old\honeck.jpg <-- AIRNET /usr/local/httpd/user_root/home/naoya/public_html honeck.jpg
97.06.03 10:52 B C:\air_old\horn.gif <-- AIRNET /usr/local/httpd/user_root/home/naoya/public_html horn.gif
97.06.03 10:52 B C:\air_old\horvarth.jpg <-- AIRNET /usr/local/httpd/user_root/home/naoya/public_html horvarth.jpg
97.06.03 10:52 B C:\air_old\horvath.html <-- AIRNET /usr/local/httpd/user_root/home/naoya/public_html horvath.html
97.06.03 10:52 B C:\air_old\hot.gif <-- AIRNET /usr/local/httpd/user_root/home/naoya/public_html hot.gif
97.06.03 10:52 B C:\air_old\i.gif <-- AIRNET /usr/local/httpd/user_root/home/naoya/public_html i.gif
97.06.03 10:52 B C:\air_old\ico_up.gif <-- AIRNET /usr/local/httpd/user_root/home/naoya/public_html ico_up.gif
97.06.03 10:52 B C:\air_old\ie.gif <-- AIRNET /usr/local/httpd/user_root/home/naoya/public_html ie.gif
97.06.03 10:52 B C:\air_old\igi.gif <-- AIRNET /usr/local/httpd/user_root/home/naoya/public_html igi.gif
97.06.03 10:52 B C:\air_old\igi.html <-- AIRNET /usr/local/httpd/user_root/home/naoya/public_html igi.html
97.06.03 10:52 B C:\air_old\index.gif <-- AIRNET /usr/local/httpd/user_root/home/naoya/public_html index.gif
97.06.03 10:52 B C:\air_old\index.html <-- AIRNET /usr/local/httpd/user_root/home/naoya/public_html index.html
97.06.03 10:52 B C:\air_old\kaitai.gif <-- AIRNET /usr/local/httpd/user_root/home/naoya/public_html kaitai.gif
97.06.03 10:52 B C:\air_old\kaitai.html <-- AIRNET /usr/local/httpd/user_root/home/naoya/public_html kaitai.html
97.06.03 10:52 B C:\air_old\KENBUN.GIF <-- AIRNET /usr/local/httpd/user_root/home/naoya/public_html KENBUN.GIF
97.06.03 10:52 B C:\air_old\kenbun.html <-- AIRNET /usr/local/httpd/user_root/home/naoya/public_html kenbun.html
97.06.03 10:52 B C:\air_old\kenbun_bs.html <-- AIRNET /usr/local/httpd/user_root/home/naoya/public_html kenbun_bs.html
97.06.03 10:52 B C:\air_old\kenbun_cd.htm <-- AIRNET /usr/local/httpd/user_root/home/naoya/public_html kenbun_cd.htm
97.06.03 10:53 B C:\air_old\kenbun_cd.html <-- AIRNET /usr/local/httpd/user_root/home/naoya/public_html kenbun_cd.html
97.06.03 10:53 B C:\air_old\kenbun_cd96.html <-- AIRNET /usr/local/httpd/user_root/home/naoya/public_html kenbun_cd96.html
97.06.03 10:53 B C:\air_old\kenbun_cs.html <-- AIRNET /usr/local/httpd/user_root/home/naoya/public_html kenbun_cs.html
97.06.03 10:53 B C:\air_old\kenbun_live.html <-- AIRNET /usr/local/httpd/user_root/home/naoya/public_html kenbun_live.html
97.06.03 10:53 B C:\air_old\komatta.gif <-- AIRNET /usr/local/httpd/user_root/home/naoya/public_html komatta.gif
97.06.03 10:53 B C:\air_old\kouji.gif <-- AIRNET /usr/local/httpd/user_root/home/naoya/public_html kouji.gif
97.06.03 10:53 B C:\air_old\l.gif <-- AIRNET /usr/local/httpd/user_root/home/naoya/public_html l.gif
97.06.03 10:53 B C:\air_old\lars.html <-- AIRNET /usr/local/httpd/user_root/home/naoya/public_html lars.html
97.06.03 10:53 B C:\air_old\lars.jpg <-- AIRNET /usr/local/httpd/user_root/home/naoya/public_html lars.jpg
97.06.03 10:53 B C:\air_old\lars_s.jpg <-- AIRNET /usr/local/httpd/user_root/home/naoya/public_html lars_s.jpg
97.06.03 10:53 B C:\air_old\ld.gif <-- AIRNET /usr/local/httpd/user_root/home/naoya/public_html ld.gif
97.06.03 10:53 B C:\air_old\lechner.jpg <-- AIRNET /usr/local/httpd/user_root/home/naoya/public_html lechner.jpg
97.06.03 10:53 B C:\air_old\link.html <-- AIRNET /usr/local/httpd/user_root/home/naoya/public_html link.html
97.06.03 10:53 B C:\air_old\LINKS.GIF <-- AIRNET /usr/local/httpd/user_root/home/naoya/public_html LINKS.GIF
97.06.03 10:53 B C:\air_old\live.gif <-- AIRNET /usr/local/httpd/user_root/home/naoya/public_html live.gif
97.06.03 10:53 B C:\air_old\live2.gif <-- AIRNET /usr/local/httpd/user_root/home/naoya/public_html live2.gif
97.06.03 10:54 B C:\air_old\m.gif <-- AIRNET /usr/local/httpd/user_root/home/naoya/public_html m.gif
97.06.03 10:54 B C:\air_old\mail-anime.gif <-- AIRNET /usr/local/httpd/user_root/home/naoya/public_html mail-anime.gif
97.06.03 10:54 B C:\air_old\mail.gif <-- AIRNET /usr/local/httpd/user_root/home/naoya/public_html mail.gif
97.06.03 10:54 B C:\air_old\manu.jpg <-- AIRNET /usr/local/httpd/user_root/home/naoya/public_html manu.jpg
97.06.03 10:54 B C:\air_old\mecha_alexander.jpg <-- AIRNET /usr/local/httpd/user_root/home/naoya/public_html mecha_alexander.jpg
97.06.03 10:54 B C:\air_old\mecha_ankel.jpg <-- AIRNET /usr/local/httpd/user_root/home/naoya/public_html mecha_ankel.jpg
97.06.03 10:54 B C:\air_old\mem1002.html <-- AIRNET /usr/local/httpd/user_root/home/naoya/public_html mem1002.html
97.06.03 10:54 B C:\air_old\mem1003.html <-- AIRNET /usr/local/httpd/user_root/home/naoya/public_html mem1003.html
97.06.03 10:54 B C:\air_old\mem1015.html <-- AIRNET /usr/local/httpd/user_root/home/naoya/public_html mem1015.html
97.06.03 10:54 B C:\air_old\mem930.html <-- AIRNET /usr/local/httpd/user_root/home/naoya/public_html mem930.html
97.06.03 10:54 B C:\air_old\member_9701.html <-- AIRNET /usr/local/httpd/user_root/home/naoya/public_html member_9701.html
97.06.03 10:54 B C:\air_old\mikke.html <-- AIRNET /usr/local/httpd/user_root/home/naoya/public_html mikke.html
97.06.03 10:54 B C:\air_old\mouse.jpg <-- AIRNET /usr/local/httpd/user_root/home/naoya/public_html mouse.jpg
97.06.03 10:54 B C:\air_old\mousepipe.jpg <-- AIRNET /usr/local/httpd/user_root/home/naoya/public_html mousepipe.jpg
97.06.03 10:54 B C:\air_old\mpiece.jpg <-- AIRNET /usr/local/httpd/user_root/home/naoya/public_html mpiece.jpg
97.06.03 10:55 B C:\air_old\mv.jpg <-- AIRNET /usr/local/httpd/user_root/home/naoya/public_html mv.jpg
97.06.03 10:55 B C:\air_old\netnow3.gif <-- AIRNET /usr/local/httpd/user_root/home/naoya/public_html netnow3.gif
97.06.03 10:55 B C:\air_old\new.gif <-- AIRNET /usr/local/httpd/user_root/home/naoya/public_html new.gif
97.06.03 10:55 B C:\air_old\news.html <-- AIRNET /usr/local/httpd/user_root/home/naoya/public_html news.html
97.06.03 10:55 B C:\air_old\news96.html <-- AIRNET /usr/local/httpd/user_root/home/naoya/public_html news96.html
97.06.03 10:55 B C:\air_old\nikoniko.gif <-- AIRNET /usr/local/httpd/user_root/home/naoya/public_html nikoniko.gif
97.06.03 10:55 B C:\air_old\oper2.JPG <-- AIRNET /usr/local/httpd/user_root/home/naoya/public_html oper2.JPG
97.06.03 10:55 B C:\air_old\oper3.jpg <-- AIRNET /usr/local/httpd/user_root/home/naoya/public_html oper3.jpg
97.06.03 10:55 B C:\air_old\opera.html <-- AIRNET /usr/local/httpd/user_root/home/naoya/public_html opera.html
97.06.03 10:55 B C:\air_old\paxman_t.jpg <-- AIRNET /usr/local/httpd/user_root/home/naoya/public_html paxman_t.jpg
97.06.03 10:55 B C:\air_old\paxman_w.jpg <-- AIRNET /usr/local/httpd/user_root/home/naoya/public_html paxman_w.jpg
97.06.03 10:55 B C:\air_old\pfeiffer.jpg <-- AIRNET /usr/local/httpd/user_root/home/naoya/public_html pfeiffer.jpg
97.06.03 10:56 B C:\air_old\pfi.jpg <-- AIRNET /usr/local/httpd/user_root/home/naoya/public_html pfi.jpg
97.06.03 10:56 B C:\air_old\play_1.html <-- AIRNET /usr/local/httpd/user_root/home/naoya/public_html play_1.html
97.06.03 10:56 B C:\air_old\punpun.gif <-- AIRNET /usr/local/httpd/user_root/home/naoya/public_html punpun.gif
97.06.03 10:56 B C:\air_old\rganter.jpg <-- AIRNET /usr/local/httpd/user_root/home/naoya/public_html rganter.jpg
97.06.03 10:56 B C:\air_old\ronald.jpg <-- AIRNET /usr/local/httpd/user_root/home/naoya/public_html ronald.jpg
97.06.03 10:56 B C:\air_old\rotary.jpg <-- AIRNET /usr/local/httpd/user_root/home/naoya/public_html rotary.jpg
97.06.03 10:56 B C:\air_old\s.gif <-- AIRNET /usr/local/httpd/user_root/home/naoya/public_html s.gif
97.06.03 10:56 B C:\air_old\s_b.gif <-- AIRNET /usr/local/httpd/user_root/home/naoya/public_html s_b.gif
97.06.03 10:56 B C:\air_old\s_c.gif <-- AIRNET /usr/local/httpd/user_root/home/naoya/public_html s_c.gif
97.06.03 10:56 B C:\air_old\s_d.gif <-- AIRNET /usr/local/httpd/user_root/home/naoya/public_html s_d.gif
97.06.03 10:56 B C:\air_old\s_e.gif <-- AIRNET /usr/local/httpd/user_root/home/naoya/public_html s_e.gif
97.06.03 10:56 B C:\air_old\s_f.gif <-- AIRNET /usr/local/httpd/user_root/home/naoya/public_html s_f.gif
97.06.03 10:56 B C:\air_old\s_i.gif <-- AIRNET /usr/local/httpd/user_root/home/naoya/public_html s_i.gif
97.06.03 10:56 B C:\air_old\s_l.gif <-- AIRNET /usr/local/httpd/user_root/home/naoya/public_html s_l.gif
97.06.03 10:56 B C:\air_old\s_m.gif <-- AIRNET /usr/local/httpd/user_root/home/naoya/public_html s_m.gif
97.06.03 10:56 B C:\air_old\s_s.gif <-- AIRNET /usr/local/httpd/user_root/home/naoya/public_html s_s.gif
97.06.03 10:56 B C:\air_old\s_t.gif <-- AIRNET /usr/local/httpd/user_root/home/naoya/public_html s_t.gif
97.06.03 10:56 B C:\air_old\s_v.gif <-- AIRNET /usr/local/httpd/user_root/home/naoya/public_html s_v.gif
97.06.03 10:56 B C:\air_old\sche9697.html <-- AIRNET /usr/local/httpd/user_root/home/naoya/public_html sche9697.html
97.06.03 10:56 B C:\air_old\sikusiku.gif <-- AIRNET /usr/local/httpd/user_root/home/naoya/public_html sikusiku.gif
97.06.03 10:56 B C:\air_old\sil1.jpg <-- AIRNET /usr/local/httpd/user_root/home/naoya/public_html sil1.jpg
97.06.03 10:57 B C:\air_old\sil2.jpg <-- AIRNET /usr/local/httpd/user_root/home/naoya/public_html sil2.jpg
97.06.03 10:57 B C:\air_old\sil3.jpg <-- AIRNET /usr/local/httpd/user_root/home/naoya/public_html sil3.jpg
97.06.03 10:57 B C:\air_old\silvester.html <-- AIRNET /usr/local/httpd/user_root/home/naoya/public_html silvester.html
97.06.03 10:57 B C:\air_old\sin_city.jpg <-- AIRNET /usr/local/httpd/user_root/home/naoya/public_html sin_city.jpg
97.06.03 10:57 B C:\air_old\sin_foot.jpg <-- AIRNET /usr/local/httpd/user_root/home/naoya/public_html sin_foot.jpg
97.06.03 10:57 B C:\air_old\sin_hall.jpg <-- AIRNET /usr/local/httpd/user_root/home/naoya/public_html sin_hall.jpg
97.06.03 10:57 B C:\air_old\sin_merlion.jpg <-- AIRNET /usr/local/httpd/user_root/home/naoya/public_html sin_merlion.jpg
97.06.03 10:57 B C:\air_old\sin_sso.jpg <-- AIRNET /usr/local/httpd/user_root/home/naoya/public_html sin_sso.jpg
97.06.03 10:57 B C:\air_old\sin_twr.jpg <-- AIRNET /usr/local/httpd/user_root/home/naoya/public_html sin_twr.jpg
97.06.03 10:57 B C:\air_old\sin_w_raffles.jpg <-- AIRNET /usr/local/httpd/user_root/home/naoya/public_html sin_w_raffles.jpg
97.06.03 10:57 B C:\air_old\so_horn.jpg <-- AIRNET /usr/local/httpd/user_root/home/naoya/public_html so_horn.jpg
97.06.03 10:57 B C:\air_old\sollner.jpg <-- AIRNET /usr/local/httpd/user_root/home/naoya/public_html sollner.jpg
97.06.03 10:57 B C:\air_old\sollner2.jpg <-- AIRNET /usr/local/httpd/user_root/home/naoya/public_html sollner2.jpg
97.06.03 10:58 B C:\air_old\sotobane.jpg <-- AIRNET /usr/local/httpd/user_root/home/naoya/public_html sotobane.jpg
97.06.03 10:58 B C:\air_old\space.jpg <-- AIRNET /usr/local/httpd/user_root/home/naoya/public_html space.jpg
97.06.03 10:58 B C:\air_old\sso.html <-- AIRNET /usr/local/httpd/user_root/home/naoya/public_html sso.html
97.06.03 10:58 B C:\air_old\st_aki2.jpg <-- AIRNET /usr/local/httpd/user_root/home/naoya/public_html st_aki2.jpg
97.06.03 10:58 B C:\air_old\st_oga2.jpg <-- AIRNET /usr/local/httpd/user_root/home/naoya/public_html st_oga2.jpg
97.06.03 10:58 B C:\air_old\st_vol1.jpg <-- AIRNET /usr/local/httpd/user_root/home/naoya/public_html st_vol1.jpg
97.06.03 10:58 B C:\air_old\stand.jpg <-- AIRNET /usr/local/httpd/user_root/home/naoya/public_html stand.jpg
97.06.03 10:58 B C:\air_old\stefan.jpg <-- AIRNET /usr/local/httpd/user_root/home/naoya/public_html stefan.jpg
97.06.03 10:58 B C:\air_old\stehplatze1.jpg <-- AIRNET /usr/local/httpd/user_root/home/naoya/public_html stehplatze1.jpg
97.06.03 10:58 B C:\air_old\stehplatze2.jpg <-- AIRNET /usr/local/httpd/user_root/home/naoya/public_html stehplatze2.jpg
97.06.03 10:58 B C:\air_old\stephan.jpg <-- AIRNET /usr/local/httpd/user_root/home/naoya/public_html stephan.jpg
97.06.03 10:58 B C:\air_old\stmtg.gif <-- AIRNET /usr/local/httpd/user_root/home/naoya/public_html stmtg.gif
97.06.03 10:58 B C:\air_old\stransky.html <-- AIRNET /usr/local/httpd/user_root/home/naoya/public_html stransky.html
97.06.03 10:59 B C:\air_old\sym1.jpg <-- AIRNET /usr/local/httpd/user_root/home/naoya/public_html sym1.jpg
97.06.03 10:59 B C:\air_old\sym2.jpg <-- AIRNET /usr/local/httpd/user_root/home/naoya/public_html sym2.jpg
97.06.03 10:59 B C:\air_old\t.gif <-- AIRNET /usr/local/httpd/user_root/home/naoya/public_html t.gif
97.06.03 10:59 B C:\air_old\to_on.gif <-- AIRNET /usr/local/httpd/user_root/home/naoya/public_html to_on.gif
97.06.03 10:59 B C:\air_old\to_on1.gif <-- AIRNET /usr/local/httpd/user_root/home/naoya/public_html to_on1.gif
97.06.03 10:59 B C:\air_old\tombock.jpg <-- AIRNET /usr/local/httpd/user_root/home/naoya/public_html tombock.jpg
97.06.03 10:59 B C:\air_old\tonbeck.jpg <-- AIRNET /usr/local/httpd/user_root/home/naoya/public_html tonbeck.jpg
97.06.03 10:59 B C:\air_old\tonbeck2.jpg <-- AIRNET /usr/local/httpd/user_root/home/naoya/public_html tonbeck2.jpg
97.06.03 10:59 B C:\air_old\tsuba.jpg <-- AIRNET /usr/local/httpd/user_root/home/naoya/public_html tsuba.jpg
97.06.03 10:59 B C:\air_old\uchibane.jpg <-- AIRNET /usr/local/httpd/user_root/home/naoya/public_html uchibane.jpg
97.06.03 10:59 B C:\air_old\uhlmann.jpg <-- AIRNET /usr/local/httpd/user_root/home/naoya/public_html uhlmann.jpg
97.06.03 10:59 B C:\air_old\umehara.htm <-- AIRNET /usr/local/httpd/user_root/home/naoya/public_html umehara.htm
97.06.03 10:59 B C:\air_old\v.gif <-- AIRNET /usr/local/httpd/user_root/home/naoya/public_html v.gif
97.06.03 10:59 B C:\air_old\video.gif <-- AIRNET /usr/local/httpd/user_root/home/naoya/public_html video.gif
97.06.03 10:59 B C:\air_old\vladar.jpg <-- AIRNET /usr/local/httpd/user_root/home/naoya/public_html vladar.jpg
97.06.03 10:59 B C:\air_old\volker.gif <-- AIRNET /usr/local/httpd/user_root/home/naoya/public_html volker.gif
97.06.03 10:59 B C:\air_old\volker2.gif <-- AIRNET /usr/local/httpd/user_root/home/naoya/public_html volker2.gif
97.06.03 10:59 B C:\air_old\volker_1.gif <-- AIRNET /usr/local/httpd/user_root/home/naoya/public_html volker_1.gif
97.06.03 11:00 B C:\air_old\volker_2.gif <-- AIRNET /usr/local/httpd/user_root/home/naoya/public_html volker_2.gif
97.06.03 11:00 B C:\air_old\volker_g.gif <-- AIRNET /usr/local/httpd/user_root/home/naoya/public_html volker_g.gif
97.06.03 11:00 B C:\air_old\volker_s.jpg <-- AIRNET /usr/local/httpd/user_root/home/naoya/public_html volker_s.jpg
97.06.03 11:00 B C:\air_old\volker_y6.gif <-- AIRNET /usr/local/httpd/user_root/home/naoya/public_html volker_y6.gif
97.06.03 11:00 B C:\air_old\volker_y7.gif <-- AIRNET /usr/local/httpd/user_root/home/naoya/public_html volker_y7.gif
97.06.03 11:00 B C:\air_old\volkers.gif <-- AIRNET /usr/local/httpd/user_root/home/naoya/public_html volkers.gif
97.06.03 11:00 B C:\air_old\volkers.html <-- AIRNET /usr/local/httpd/user_root/home/naoya/public_html volkers.html
97.06.03 11:00 B C:\air_old\volkers.jpg <-- AIRNET /usr/local/httpd/user_root/home/naoya/public_html volkers.jpg
97.06.03 11:00 B C:\air_old\VPONEWS.GIF <-- AIRNET /usr/local/httpd/user_root/home/naoya/public_html VPONEWS.GIF
97.06.03 11:00 B C:\air_old\whorn.jpg <-- AIRNET /usr/local/httpd/user_root/home/naoya/public_html whorn.jpg
97.06.03 11:00 B C:\air_old\whoswho.gif <-- AIRNET /usr/local/httpd/user_root/home/naoya/public_html whoswho.gif
97.06.03 11:01 B C:\air_old\whoswho.html <-- AIRNET /usr/local/httpd/user_root/home/naoya/public_html whoswho.html
97.06.03 11:01 B C:\air_old\willibald.jpg <-- AIRNET /usr/local/httpd/user_root/home/naoya/public_html willibald.jpg
97.06.03 11:01 B C:\air_old\WN.GIF <-- AIRNET /usr/local/httpd/user_root/home/naoya/public_html WN.GIF
97.06.03 11:01 B C:\air_old\wn.html <-- AIRNET /usr/local/httpd/user_root/home/naoya/public_html wn.html
97.06.03 11:01 A C:\air_old\wn_log.txt <-- AIRNET /usr/local/httpd/user_root/home/naoya/public_html wn_log.txt
97.06.03 11:01 B C:\air_old\ww_horn.html <-- AIRNET /usr/local/httpd/user_root/home/naoya/public_html ww_horn.html
97.06.03 11:01 B C:\air_old\ya.gif <-- AIRNET /usr/local/httpd/user_root/home/naoya/public_html ya.gif
97.06.03 11:01 B C:\air_old\yamaha.jpg <-- AIRNET /usr/local/httpd/user_root/home/naoya/public_html yamaha.jpg
97.06.03 11:01 B C:\air_old\yamaha2.jpg <-- AIRNET /usr/local/httpd/user_root/home/naoya/public_html yamaha2.jpg
97.06.03 11:01 B C:\air_old\yoko.jpg <-- AIRNET /usr/local/httpd/user_root/home/naoya/public_html yoko.jpg
97.06.03 11:02 B C:\air_old\zyuuji.jpg <-- AIRNET /usr/local/httpd/user_root/home/naoya/public_html zyuuji.jpg
97.06.03 13:29 A C:\air_old\.htaccess --> www.sf.airnet.or.jp /usr/local/httpd/user_root/home/naoya/public_html .htaccess
97.06.03 13:29 A C:\air_old\altmanngif.html --> www.sf.airnet.or.jp /usr/local/httpd/user_root/home/naoya/public_html altmanngif.html
97.06.03 13:29 A C:\air_old\bm5mem.html --> www.sf.airnet.or.jp /usr/local/httpd/user_root/home/naoya/public_html bm5mem.html
97.06.03 13:29 A C:\air_old\bousho.html --> www.sf.airnet.or.jp /usr/local/httpd/user_root/home/naoya/public_html bousho.html
97.06.03 13:29 A C:\air_old\club.html --> www.sf.airnet.or.jp /usr/local/httpd/user_root/home/naoya/public_html club.html
97.06.03 13:29 A C:\air_old\dabun.html --> www.sf.airnet.or.jp /usr/local/httpd/user_root/home/naoya/public_html dabun.html
97.06.03 13:29 A C:\air_old\dabun9610.html --> www.sf.airnet.or.jp /usr/local/httpd/user_root/home/naoya/public_html dabun9610.html
97.06.03 13:29 A C:\air_old\dabun9611.html --> www.sf.airnet.or.jp /usr/local/httpd/user_root/home/naoya/public_html dabun9611.html
97.06.03 13:30 A C:\air_old\dabun9612.html --> www.sf.airnet.or.jp /usr/local/httpd/user_root/home/naoya/public_html dabun9612.html
97.06.03 13:30 A C:\air_old\dabun9701.html --> www.sf.airnet.or.jp /usr/local/httpd/user_root/home/naoya/public_html dabun9701.html
97.06.03 13:30 A C:\air_old\dabun9702.html --> www.sf.airnet.or.jp /usr/local/httpd/user_root/home/naoya/public_html dabun9702.html
97.06.03 13:30 A C:\air_old\dabun9703.html --> www.sf.airnet.or.jp /usr/local/httpd/user_root/home/naoya/public_html dabun9703.html
97.06.03 13:30 A C:\air_old\dabun9704.html --> www.sf.airnet.or.jp /usr/local/httpd/user_root/home/naoya/public_html dabun9704.html
97.06.03 13:30 A C:\air_old\dabun_comment.html --> www.sf.airnet.or.jp /usr/local/httpd/user_root/home/naoya/public_html dabun_comment.html
97.06.03 13:30 A C:\air_old\dabun_set.html --> www.sf.airnet.or.jp /usr/local/httpd/user_root/home/naoya/public_html dabun_set.html
97.06.03 13:30 A C:\air_old\disk_a.html --> www.sf.airnet.or.jp /usr/local/httpd/user_root/home/naoya/public_html disk_a.html
97.06.03 13:30 A C:\air_old\disk_beethoven.html --> www.sf.airnet.or.jp /usr/local/httpd/user_root/home/naoya/public_html disk_beethoven.html
97.06.03 13:30 A C:\air_old\disk_comment.html --> www.sf.airnet.or.jp /usr/local/httpd/user_root/home/naoya/public_html disk_comment.html
97.06.03 13:30 A C:\air_old\disk_ha.html --> www.sf.airnet.or.jp /usr/local/httpd/user_root/home/naoya/public_html disk_ha.html
97.06.03 13:30 A C:\air_old\disk_ka.html --> www.sf.airnet.or.jp /usr/local/httpd/user_root/home/naoya/public_html disk_ka.html
97.06.03 13:30 A C:\air_old\disk_ma.html --> www.sf.airnet.or.jp /usr/local/httpd/user_root/home/naoya/public_html disk_ma.html
97.06.03 13:30 A C:\air_old\disk_main.html --> www.sf.airnet.or.jp /usr/local/httpd/user_root/home/naoya/public_html disk_main.html
97.06.03 13:31 A C:\air_old\disk_mozart.html --> www.sf.airnet.or.jp /usr/local/httpd/user_root/home/naoya/public_html disk_mozart.html
97.06.03 13:31 A C:\air_old\disk_sa.html --> www.sf.airnet.or.jp /usr/local/httpd/user_root/home/naoya/public_html disk_sa.html
97.06.03 13:31 A C:\air_old\disk_small.html --> www.sf.airnet.or.jp /usr/local/httpd/user_root/home/naoya/public_html disk_small.html
97.06.03 13:31 A C:\air_old\disk_strauss.html --> www.sf.airnet.or.jp /usr/local/httpd/user_root/home/naoya/public_html disk_strauss.html
97.06.03 13:31 A C:\air_old\disk_tana.html --> www.sf.airnet.or.jp /usr/local/httpd/user_root/home/naoya/public_html disk_tana.html
97.06.03 13:31 A C:\air_old\disk_yarawa.html --> www.sf.airnet.or.jp /usr/local/httpd/user_root/home/naoya/public_html disk_yarawa.html
97.06.03 13:31 A C:\air_old\eik.html --> www.sf.airnet.or.jp /usr/local/httpd/user_root/home/naoya/public_html eik.html
97.06.03 13:31 A C:\air_old\gallery.html --> www.sf.airnet.or.jp /usr/local/httpd/user_root/home/naoya/public_html gallery.html
97.06.03 13:31 A C:\air_old\horvath.html --> www.sf.airnet.or.jp /usr/local/httpd/user_root/home/naoya/public_html horvath.html
97.06.03 13:31 A C:\air_old\igi.html --> www.sf.airnet.or.jp /usr/local/httpd/user_root/home/naoya/public_html igi.html
97.06.03 13:31 A C:\air_old\index.html --> www.sf.airnet.or.jp /usr/local/httpd/user_root/home/naoya/public_html index.html
97.06.03 13:32 A C:\air_old\kaitai.html --> www.sf.airnet.or.jp /usr/local/httpd/user_root/home/naoya/public_html kaitai.html
97.06.03 13:32 A C:\air_old\kenbun.html --> www.sf.airnet.or.jp /usr/local/httpd/user_root/home/naoya/public_html kenbun.html
97.06.03 13:32 A C:\air_old\kenbun_bs.html --> www.sf.airnet.or.jp /usr/local/httpd/user_root/home/naoya/public_html kenbun_bs.html
97.06.03 13:32 A C:\air_old\kenbun_cd.htm --> www.sf.airnet.or.jp /usr/local/httpd/user_root/home/naoya/public_html kenbun_cd.htm
97.06.03 13:32 A C:\air_old\kenbun_cd.html --> www.sf.airnet.or.jp /usr/local/httpd/user_root/home/naoya/public_html kenbun_cd.html
97.06.03 13:32 A C:\air_old\kenbun_cd96.html --> www.sf.airnet.or.jp /usr/local/httpd/user_root/home/naoya/public_html kenbun_cd96.html
97.06.03 13:32 A C:\air_old\kenbun_cs.html --> www.sf.airnet.or.jp /usr/local/httpd/user_root/home/naoya/public_html kenbun_cs.html
97.06.03 13:32 A C:\air_old\kenbun_live.html --> www.sf.airnet.or.jp /usr/local/httpd/user_root/home/naoya/public_html kenbun_live.html
97.06.03 13:32 A C:\air_old\lars.html --> www.sf.airnet.or.jp /usr/local/httpd/user_root/home/naoya/public_html lars.html
97.06.03 13:32 A C:\air_old\link.html --> www.sf.airnet.or.jp /usr/local/httpd/user_root/home/naoya/public_html link.html
97.06.03 13:32 A C:\air_old\mem1002.html --> www.sf.airnet.or.jp /usr/local/httpd/user_root/home/naoya/public_html mem1002.html
97.06.03 13:32 A C:\air_old\mem1003.html --> www.sf.airnet.or.jp /usr/local/httpd/user_root/home/naoya/public_html mem1003.html
97.06.03 13:32 A C:\air_old\mem1015.html --> www.sf.airnet.or.jp /usr/local/httpd/user_root/home/naoya/public_html mem1015.html
97.06.03 13:32 A C:\air_old\mem930.html --> www.sf.airnet.or.jp /usr/local/httpd/user_root/home/naoya/public_html mem930.html
97.06.03 13:32 A C:\air_old\member_9701.html --> www.sf.airnet.or.jp /usr/local/httpd/user_root/home/naoya/public_html member_9701.html
97.06.03 13:32 A C:\air_old\mikke.html --> www.sf.airnet.or.jp /usr/local/httpd/user_root/home/naoya/public_html mikke.html
97.06.03 13:33 A C:\air_old\news.html --> www.sf.airnet.or.jp /usr/local/httpd/user_root/home/naoya/public_html news.html
97.06.03 13:33 A C:\air_old\news96.html --> www.sf.airnet.or.jp /usr/local/httpd/user_root/home/naoya/public_html news96.html
97.06.03 13:33 A C:\air_old\opera.html --> www.sf.airnet.or.jp /usr/local/httpd/user_root/home/naoya/public_html opera.html
97.06.03 13:33 A C:\air_old\play_1.html --> www.sf.airnet.or.jp /usr/local/httpd/user_root/home/naoya/public_html play_1.html
97.06.03 13:33 A C:\air_old\sche9697.html --> www.sf.airnet.or.jp /usr/local/httpd/user_root/home/naoya/public_html sche9697.html
97.06.03 13:33 A C:\air_old\silvester.html --> www.sf.airnet.or.jp /usr/local/httpd/user_root/home/naoya/public_html silvester.html
97.06.03 13:33 A C:\air_old\sso.html --> www.sf.airnet.or.jp /usr/local/httpd/user_root/home/naoya/public_html sso.html
97.06.03 13:33 A C:\air_old\stransky.html --> www.sf.airnet.or.jp /usr/local/httpd/user_root/home/naoya/public_html stransky.html
97.06.03 13:33 A C:\air_old\umehara.htm --> www.sf.airnet.or.jp /usr/local/httpd/user_root/home/naoya/public_html umehara.htm
97.06.03 13:33 A C:\air_old\volkers.html --> www.sf.airnet.or.jp /usr/local/httpd/user_root/home/naoya/public_html volkers.html
97.06.03 13:33 A C:\air_old\whoswho.html --> www.sf.airnet.or.jp /usr/local/httpd/user_root/home/naoya/public_html whoswho.html
97.06.03 13:33 A C:\air_old\wn.html --> www.sf.airnet.or.jp /usr/local/httpd/user_root/home/naoya/public_html wn.html
97.06.03 13:33 A C:\air_old\wn_log.txt --> www.sf.airnet.or.jp /usr/local/httpd/user_root/home/naoya/public_html wn_log.txt
